  lapi.c
D:\Dev\lua-5.0\src\lapi.c(923,1): error C1010: непредвиденный конец файла во время поиска предкомпилированного заголовка. Возможно, вы забыли добавить директиву "#include "pch.h"" в источник.
  lcode.c
D:\Dev\lua-5.0\src\lcode.c(715,1): error C1010: непредвиденный конец файла во время поиска предкомпилированного заголовка. Возможно, вы забыли добавить директиву "#include "pch.h"" в источник.
  ldebug.c
D:\Dev\lua-5.0\src\ldebug.c(586,1): error C1010: непредвиденный конец файла во время поиска предкомпилированного заголовка. Возможно, вы забыли добавить директиву "#include "pch.h"" в источник.
  ldo.c
D:\Dev\lua-5.0\src\ldo.c(459,1): error C1010: непредвиденный конец файла во время поиска предкомпилированного заголовка. Возможно, вы забыли добавить директиву "#include "pch.h"" в источник.
  ldump.c
D:\Dev\lua-5.0\src\ldump.c(171,1): error C1010: непредвиденный конец файла во время поиска предкомпилированного заголовка. Возможно, вы забыли добавить директиву "#include "pch.h"" в источник.
  lfunc.c
D:\Dev\lua-5.0\src\lfunc.c(136,1): error C1010: непредвиденный конец файла во время поиска предкомпилированного заголовка. Возможно, вы забыли добавить директиву "#include "pch.h"" в источник.
  lgc.c
D:\Dev\lua-5.0\src\lgc.c(494,1): error C1010: непредвиденный конец файла во время поиска предкомпилированного заголовка. Возможно, вы забыли добавить директиву "#include "pch.h"" в источник.
  lauxlib.c
D:\Dev\lua-5.0\src\lib\lauxlib.c(592,1): error C1010: непредвиденный конец файла во время поиска предкомпилированного заголовка. Возможно, вы забыли добавить директиву "#include "pch.h"" в источник.
  lbaselib.c
D:\Dev\lua-5.0\src\lib\lbaselib.c(675,1): error C1010: непредвиденный конец файла во время поиска предкомпилированного заголовка. Возможно, вы забыли добавить директиву "#include "pch.h"" в источник.
  ldblib.c
D:\Dev\lua-5.0\src\lib\ldblib.c(300,1): error C1010: непредвиденный конец файла во время поиска предкомпилированного заголовка. Возможно, вы забыли добавить директиву "#include "pch.h"" в источник.
  liolib.c
D:\Dev\lua-5.0\src\lib\liolib.c(31,9): warning C4005: USE_TMPNAME: изменение макроопределения
      D:\Dev\lua-5.0\src\lib\liolib.c(29,9):
      см. предыдущее определение "USE_TMPNAME"
  
D:\Dev\lua-5.0\src\lib\liolib.c(48,9): warning C4005: USE_POPEN: изменение макроопределения
      D:\Dev\lua-5.0\src\lib\liolib.c(42,9):
      см. предыдущее определение "USE_POPEN"
  
D:\Dev\lua-5.0\src\lib\liolib.c(751,1): error C1010: непредвиденный конец файла во время поиска предкомпилированного заголовка. Возможно, вы забыли добавить директиву "#include "pch.h"" в источник.
  lmathlib.c
D:\Dev\lua-5.0\src\lib\lmathlib.c(33,9): warning C4005: FROMRAD: изменение макроопределения
      D:\Dev\lua-5.0\src\lib\lmathlib.c(30,9):
      см. предыдущее определение "FROMRAD"
  
D:\Dev\lua-5.0\src\lib\lmathlib.c(34,9): warning C4005: TORAD: изменение макроопределения
      D:\Dev\lua-5.0\src\lib\lmathlib.c(31,9):
      см. предыдущее определение "TORAD"
  
D:\Dev\lua-5.0\src\lib\lmathlib.c(247,1): error C1010: непредвиденный конец файла во время поиска предкомпилированного заголовка. Возможно, вы забыли добавить директиву "#include "pch.h"" в источник.
  loadlib.c
D:\Dev\lua-5.0\src\lib\loadlib.c(82,9): warning C4005: USE_DLL: изменение макроопределения
      D:\Dev\lua-5.0\src\lib\loadlib.c(80,9):
      см. предыдущее определение "USE_DLL"
  
D:\Dev\lua-5.0\src\lib\loadlib.c(161,9): warning C4005: LOADLIB: изменение макроопределения
      D:\Dev\lua-5.0\src\lib\loadlib.c(38,9):
      см. предыдущее определение "LOADLIB"
  
D:\Dev\lua-5.0\src\lib\loadlib.c(163,9): warning C4005: LOADLIB: изменение макроопределения
      D:\Dev\lua-5.0\src\lib\loadlib.c(161,9):
      см. предыдущее определение "LOADLIB"
  
D:\Dev\lua-5.0\src\lib\loadlib.c(206,1): error C1010: непредвиденный конец файла во время поиска предкомпилированного заголовка. Возможно, вы забыли добавить директиву "#include "pch.h"" в источник.
  lstrlib.c
D:\Dev\lua-5.0\src\lib\lstrlib.c(771,1): error C1010: непредвиденный конец файла во время поиска предкомпилированного заголовка. Возможно, вы забыли добавить директиву "#include "pch.h"" в источник.
  ltablib.c
D:\Dev\lua-5.0\src\lib\ltablib.c(251,1): error C1010: непредвиденный конец файла во время поиска предкомпилированного заголовка. Возможно, вы забыли добавить директиву "#include "pch.h"" в источник.
  llex.c
D:\Dev\lua-5.0\src\llex.c(418,1): error C1010: непредвиденный конец файла во время поиска предкомпилированного заголовка. Возможно, вы забыли добавить директиву "#include "pch.h"" в источник.
  lmem.c
D:\Dev\lua-5.0\src\lmem.c(92,1): error C1010: непредвиденный конец файла во время поиска предкомпилированного заголовка. Возможно, вы забыли добавить директиву "#include "pch.h"" в источник.
  lobject.c
D:\Dev\lua-5.0\src\lobject.c(196,1): error C1010: непредвиденный конец файла во время поиска предкомпилированного заголовка. Возможно, вы забыли добавить директиву "#include "pch.h"" в источник.
  lopcodes.c
D:\Dev\lua-5.0\src\lopcodes.c(103,1): error C1010: непредвиденный конец файла во время поиска предкомпилированного заголовка. Возможно, вы забыли добавить директиву "#include "pch.h"" в источник.
  lparser.c
D:\Dev\lua-5.0\src\lparser.c(1330,1): error C1010: непредвиденный конец файла во время поиска предкомпилированного заголовка. Возможно, вы забыли добавить директиву "#include "pch.h"" в источник.
  Создание кода...
  Компиляция...
  lstate.c
D:\Dev\lua-5.0\src\lstate.c(33,9): warning C4005: EXTRASPACE: изменение макроопределения
      D:\Dev\lua-5.0\src\lstate.c(30,9):
      см. предыдущее определение "EXTRASPACE"
  
D:\Dev\lua-5.0\src\lstate.c(221,1): error C1010: непредвиденный конец файла во время поиска предкомпилированного заголовка. Возможно, вы забыли добавить директиву "#include "pch.h"" в источник.
  lstring.c
D:\Dev\lua-5.0\src\lstring.c(103,1): error C1010: непредвиденный конец файла во время поиска предкомпилированного заголовка. Возможно, вы забыли добавить директиву "#include "pch.h"" в источник.
  ltable.c
D:\Dev\lua-5.0\src\ltable.c(45,9): warning C4005: MAXBITS: изменение макроопределения
      D:\Dev\lua-5.0\src\ltable.c(43,9):
      см. предыдущее определение "MAXBITS"
  
D:\Dev\lua-5.0\src\ltable.c(510,1): error C1010: непредвиденный конец файла во время поиска предкомпилированного заголовка. Возможно, вы забыли добавить директиву "#include "pch.h"" в источник.
  ltests.c
D:\Dev\lua-5.0\src\ltests.c(75,9): warning C4005: HEADER: изменение макроопределения
      D:\Dev\lua-5.0\src\ltests.c(67,9):
      см. предыдущее определение "HEADER"
  
D:\Dev\lua-5.0\src\ltests.c(76,9): warning C4005: MARKSIZE: изменение макроопределения
      D:\Dev\lua-5.0\src\ltests.c(68,9):
      см. предыдущее определение "MARKSIZE"
  
D:\Dev\lua-5.0\src\ltests.c(77,9): warning C4005: blockhead: изменение макроопределения
      D:\Dev\lua-5.0\src\ltests.c(69,9):
      см. предыдущее определение "blockhead"
  
D:\Dev\lua-5.0\src\ltests.c(78,9): warning C4005: setsize: изменение макроопределения
      D:\Dev\lua-5.0\src\ltests.c(70,9):
      см. предыдущее определение "setsize"
  
D:\Dev\lua-5.0\src\ltests.c(79,9): warning C4005: checkblocksize: изменение макроопределения
      D:\Dev\lua-5.0\src\ltests.c(71,9):
      см. предыдущее определение "checkblocksize"
  
D:\Dev\lua-5.0\src\ltests.c(80,9): warning C4005: fillmem: изменение макроопределения
      D:\Dev\lua-5.0\src\ltests.c(72,9):
      см. предыдущее определение "fillmem"
  
D:\Dev\lua-5.0\src\ltests.c(853,1): error C1010: непредвиденный конец файла во время поиска предкомпилированного заголовка. Возможно, вы забыли добавить директиву "#include "pch.h"" в источник.
  ltm.c
D:\Dev\lua-5.0\src\ltm.c(71,1): error C1010: непредвиденный конец файла во время поиска предкомпилированного заголовка. Возможно, вы забыли добавить директиву "#include "pch.h"" в источник.
  print.c
D:\Dev\lua-5.0\src\luac\print.c(218,1): error C1010: непредвиденный конец файла во время поиска предкомпилированного заголовка. Возможно, вы забыли добавить директиву "#include "pch.h"" в источник.
  lundump.c
D:\Dev\lua-5.0\src\lundump.c(287,1): error C1010: непредвиденный конец файла во время поиска предкомпилированного заголовка. Возможно, вы забыли добавить директиву "#include "pch.h"" в источник.
  lvm.c
D:\Dev\lua-5.0\src\lvm.c(781,1): error C1010: непредвиденный конец файла во время поиска предкомпилированного заголовка. Возможно, вы забыли добавить директиву "#include "pch.h"" в источник.
  lzio.c
D:\Dev\lua-5.0\src\lzio.c(82,1): error C1010: непредвиденный конец файла во время поиска предкомпилированного заголовка. Возможно, вы забыли добавить директиву "#include "pch.h"" в источник.
  Создание кода...
